// Jest Snapshot v1, https://goo.gl/fbAQLP

exports[`molecule:<Calendar> inherit:className 1`] = `
<DocumentFragment>
  <div
    class="primitive calendar"
  >
    <div
      class="primitive row"
    >
      <button
        class="primitive active"
      >
        &lt;
      </button>
      <span
        class="primitive bold paragraph upperCase title"
      >
        April 1980
      </span>
      <button
        class="primitive active"
      >
        &gt;
      </button>
    </div>
    <div
      class="primitive row weekdays"
    >
      <span
        class="primitive small upperCase cell weekday"
      >
        Mon
      </span>
      <span
        class="primitive small upperCase cell weekday"
      >
        Tue
      </span>
      <span
        class="primitive small upperCase cell weekday"
      >
        Wed
      </span>
      <span
        class="primitive small upperCase cell weekday"
      >
        Thu
      </span>
      <span
        class="primitive small upperCase cell weekday"
      >
        Fri
      </span>
      <span
        class="primitive small upperCase cell weekday"
      >
        Sat
      </span>
      <span
        class="primitive small upperCase cell weekday"
      >
        Sun
      </span>
    </div>
    <div
      class="primitive row"
    >
      <button
        class="primitive cellTouchable"
      />
      <button
        class="primitive active cellTouchable"
      >
        <div
          class="primitive cellDay cellDayTouchable"
        >
          <span
            class="primitive paragraph"
          >
            1
          </span>
        </div>
      </button>
      <button
        class="primitive active cellTouchable"
      >
        <div
          class="primitive cellDay cellDayTouchable"
        >
          <span
            class="primitive paragraph"
          >
            2
          </span>
        </div>
      </button>
      <button
        class="primitive active cellTouchable"
      >
        <div
          class="primitive cellDay cellDayTouchable"
        >
          <span
            class="primitive paragraph"
          >
            3
          </span>
        </div>
      </button>
      <button
        class="primitive active cellTouchable"
      >
        <div
          class="primitive cellDay cellDayTouchable"
        >
          <span
            class="primitive paragraph"
          >
            4
          </span>
        </div>
      </button>
      <button
        class="primitive active cellTouchable"
      >
        <div
          class="primitive cellDay cellDayTouchable"
        >
          <span
            class="primitive paragraph textWeekend"
          >
            5
          </span>
        </div>
      </button>
      <button
        class="primitive active cellTouchable"
      >
        <div
          class="primitive cellDay cellDayTouchable"
        >
          <span
            class="primitive paragraph textWeekend"
          >
            6
          </span>
        </div>
      </button>
    </div>
    <div
      class="primitive row"
    >
      <button
        class="primitive active cellTouchable"
      >
        <div
          class="primitive cellDay cellDayTouchable"
        >
          <span
            class="primitive paragraph"
          >
            7
          </span>
        </div>
      </button>
      <button
        class="primitive active cellTouchable"
      >
        <div
          class="primitive cellDay cellDayTouchable"
        >
          <span
            class="primitive paragraph"
          >
            8
          </span>
        </div>
      </button>
      <button
        class="primitive active cellTouchable"
      >
        <div
          class="primitive cellDay cellDayTouchable"
        >
          <span
            class="primitive paragraph"
          >
            9
          </span>
        </div>
      </button>
      <button
        class="primitive active cellTouchable"
      >
        <div
          class="primitive cellDay cellDaySelected cellDayTouchable"
        >
          <span
            class="primitive paragraph textSelected"
          >
            10
          </span>
        </div>
      </button>
      <button
        class="primitive active cellTouchable"
      >
        <div
          class="primitive cellDay cellDayTouchable"
        >
          <span
            class="primitive paragraph"
          >
            11
          </span>
        </div>
      </button>
      <button
        class="primitive active cellTouchable"
      >
        <div
          class="primitive cellDay cellDayTouchable"
        >
          <span
            class="primitive paragraph textWeekend"
          >
            12
          </span>
        </div>
      </button>
      <button
        class="primitive active cellTouchable"
      >
        <div
          class="primitive cellDay cellDayTouchable"
        >
          <span
            class="primitive paragraph textWeekend"
          >
            13
          </span>
        </div>
      </button>
    </div>
    <div
      class="primitive row"
    >
      <button
        class="primitive active cellTouchable"
      >
        <div
          class="primitive cellDay cellDayTouchable"
        >
          <span
            class="primitive paragraph"
          >
            14
          </span>
        </div>
      </button>
      <button
        class="primitive active cellTouchable"
      >
        <div
          class="primitive cellDay cellDayTouchable"
        >
          <span
            class="primitive paragraph"
          >
            15
          </span>
        </div>
      </button>
      <button
        class="primitive active cellTouchable"
      >
        <div
          class="primitive cellDay cellDayTouchable"
        >
          <span
            class="primitive paragraph"
          >
            16
          </span>
        </div>
      </button>
      <button
        class="primitive active cellTouchable"
      >
        <div
          class="primitive cellDay cellDayTouchable"
        >
          <span
            class="primitive paragraph"
          >
            17
          </span>
        </div>
      </button>
      <button
        class="primitive active cellTouchable"
      >
        <div
          class="primitive cellDay cellDayTouchable"
        >
          <span
            class="primitive paragraph"
          >
            18
          </span>
        </div>
      </button>
      <button
        class="primitive active cellTouchable"
      >
        <div
          class="primitive cellDay cellDayTouchable"
        >
          <span
            class="primitive paragraph textWeekend"
          >
            19
          </span>
        </div>
      </button>
      <button
        class="primitive active cellTouchable"
      >
        <div
          class="primitive cellDay cellDayTouchable"
        >
          <span
            class="primitive paragraph textWeekend"
          >
            20
          </span>
        </div>
      </button>
    </div>
    <div
      class="primitive row"
    >
      <button
        class="primitive active cellTouchable"
      >
        <div
          class="primitive cellDay cellDayTouchable"
        >
          <span
            class="primitive paragraph"
          >
            21
          </span>
        </div>
      </button>
      <button
        class="primitive active cellTouchable"
      >
        <div
          class="primitive cellDay cellDayTouchable"
        >
          <span
            class="primitive paragraph"
          >
            22
          </span>
        </div>
      </button>
      <button
        class="primitive active cellTouchable"
      >
        <div
          class="primitive cellDay cellDayTouchable"
        >
          <span
            class="primitive paragraph"
          >
            23
          </span>
        </div>
      </button>
      <button
        class="primitive active cellTouchable"
      >
        <div
          class="primitive cellDay cellDayTouchable"
        >
          <span
            class="primitive paragraph"
          >
            24
          </span>
        </div>
      </button>
      <button
        class="primitive active cellTouchable"
      >
        <div
          class="primitive cellDay cellDayTouchable"
        >
          <span
            class="primitive paragraph"
          >
            25
          </span>
        </div>
      </button>
      <button
        class="primitive active cellTouchable"
      >
        <div
          class="primitive cellDay cellDayTouchable"
        >
          <span
            class="primitive paragraph textWeekend"
          >
            26
          </span>
        </div>
      </button>
      <button
        class="primitive active cellTouchable"
      >
        <div
          class="primitive cellDay cellDayTouchable"
        >
          <span
            class="primitive paragraph textWeekend"
          >
            27
          </span>
        </div>
      </button>
    </div>
    <div
      class="primitive row"
    >
      <button
        class="primitive active cellTouchable"
      >
        <div
          class="primitive cellDay cellDayTouchable"
        >
          <span
            class="primitive paragraph"
          >
            28
          </span>
        </div>
      </button>
      <button
        class="primitive active cellTouchable"
      >
        <div
          class="primitive cellDay cellDayTouchable"
        >
          <span
            class="primitive paragraph"
          >
            29
          </span>
        </div>
      </button>
      <button
        class="primitive active cellTouchable"
      >
        <div
          class="primitive cellDay cellDayTouchable"
        >
          <span
            class="primitive paragraph"
          >
            30
          </span>
        </div>
      </button>
      <button
        class="primitive cellTouchable"
      />
      <button
        class="primitive cellTouchable"
      />
      <button
        class="primitive cellTouchable"
      />
      <button
        class="primitive cellTouchable"
      />
    </div>
    <div
      class="primitive row"
    >
      <button
        class="primitive cellTouchable"
      />
      <button
        class="primitive cellTouchable"
      />
      <button
        class="primitive cellTouchable"
      />
      <button
        class="primitive cellTouchable"
      />
      <button
        class="primitive cellTouchable"
      />
      <button
        class="primitive cellTouchable"
      />
      <button
        class="primitive cellTouchable"
      />
    </div>
  </div>
</DocumentFragment>
`;

exports[`molecule:<Calendar> prop:disabledDates 1`] = `
<DocumentFragment>
  <div
    class="primitive calendar"
  >
    <div
      class="primitive row"
    >
      <button
        class="primitive active"
      >
        &lt;
      </button>
      <span
        class="primitive bold paragraph upperCase title"
      >
        April 1980
      </span>
      <button
        class="primitive active"
      >
        &gt;
      </button>
    </div>
    <div
      class="primitive row weekdays"
    >
      <span
        class="primitive small upperCase cell weekday"
      >
        Mon
      </span>
      <span
        class="primitive small upperCase cell weekday"
      >
        Tue
      </span>
      <span
        class="primitive small upperCase cell weekday"
      >
        Wed
      </span>
      <span
        class="primitive small upperCase cell weekday"
      >
        Thu
      </span>
      <span
        class="primitive small upperCase cell weekday"
      >
        Fri
      </span>
      <span
        class="primitive small upperCase cell weekday"
      >
        Sat
      </span>
      <span
        class="primitive small upperCase cell weekday"
      >
        Sun
      </span>
    </div>
    <div
      class="primitive row"
    >
      <button
        class="primitive cellTouchable"
      />
      <button
        class="primitive active cellTouchable"
      >
        <div
          class="primitive cellDay cellDayTouchable"
        >
          <span
            class="primitive paragraph"
          >
            1
          </span>
        </div>
      </button>
      <button
        class="primitive active cellTouchable"
      >
        <div
          class="primitive cellDay cellDayTouchable"
        >
          <span
            class="primitive paragraph"
          >
            2
          </span>
        </div>
      </button>
      <button
        class="primitive active cellTouchable"
      >
        <div
          class="primitive cellDay cellDayTouchable"
        >
          <span
            class="primitive paragraph"
          >
            3
          </span>
        </div>
      </button>
      <button
        class="primitive active cellTouchable"
      >
        <div
          class="primitive cellDay cellDayTouchable"
        >
          <span
            class="primitive paragraph"
          >
            4
          </span>
        </div>
      </button>
      <button
        class="primitive active cellTouchable"
      >
        <div
          class="primitive cellDay cellDayTouchable"
        >
          <span
            class="primitive paragraph textWeekend"
          >
            5
          </span>
        </div>
      </button>
      <button
        class="primitive active cellTouchable"
      >
        <div
          class="primitive cellDay cellDayTouchable"
        >
          <span
            class="primitive paragraph textWeekend"
          >
            6
          </span>
        </div>
      </button>
    </div>
    <div
      class="primitive row"
    >
      <button
        class="primitive active cellTouchable"
      >
        <div
          class="primitive cellDay cellDayTouchable"
        >
          <span
            class="primitive paragraph"
          >
            7
          </span>
        </div>
      </button>
      <button
        class="primitive active cellTouchable"
      >
        <div
          class="primitive cellDay cellDayTouchable"
        >
          <span
            class="primitive paragraph"
          >
            8
          </span>
        </div>
      </button>
      <button
        class="primitive cellTouchable"
      >
        <div
          class="primitive cellDay"
        >
          <span
            class="primitive paragraph textDisabled"
          >
            9
          </span>
        </div>
      </button>
      <button
        class="primitive active cellTouchable"
      >
        <div
          class="primitive cellDay cellDaySelected cellDayTouchable"
        >
          <span
            class="primitive paragraph textSelected"
          >
            10
          </span>
        </div>
      </button>
      <button
        class="primitive cellTouchable"
      >
        <div
          class="primitive cellDay"
        >
          <span
            class="primitive paragraph textDisabled"
          >
            11
          </span>
        </div>
      </button>
      <button
        class="primitive active cellTouchable"
      >
        <div
          class="primitive cellDay cellDayTouchable"
        >
          <span
            class="primitive paragraph textWeekend"
          >
            12
          </span>
        </div>
      </button>
      <button
        class="primitive active cellTouchable"
      >
        <div
          class="primitive cellDay cellDayTouchable"
        >
          <span
            class="primitive paragraph textWeekend"
          >
            13
          </span>
        </div>
      </button>
    </div>
    <div
      class="primitive row"
    >
      <button
        class="primitive active cellTouchable"
      >
        <div
          class="primitive cellDay cellDayTouchable"
        >
          <span
            class="primitive paragraph"
          >
            14
          </span>
        </div>
      </button>
      <button
        class="primitive active cellTouchable"
      >
        <div
          class="primitive cellDay cellDayTouchable"
        >
          <span
            class="primitive paragraph"
          >
            15
          </span>
        </div>
      </button>
      <button
        class="primitive active cellTouchable"
      >
        <div
          class="primitive cellDay cellDayTouchable"
        >
          <span
            class="primitive paragraph"
          >
            16
          </span>
        </div>
      </button>
      <button
        class="primitive active cellTouchable"
      >
        <div
          class="primitive cellDay cellDayTouchable"
        >
          <span
            class="primitive paragraph"
          >
            17
          </span>
        </div>
      </button>
      <button
        class="primitive active cellTouchable"
      >
        <div
          class="primitive cellDay cellDayTouchable"
        >
          <span
            class="primitive paragraph"
          >
            18
          </span>
        </div>
      </button>
      <button
        class="primitive active cellTouchable"
      >
        <div
          class="primitive cellDay cellDayTouchable"
        >
          <span
            class="primitive paragraph textWeekend"
          >
            19
          </span>
        </div>
      </button>
      <button
        class="primitive active cellTouchable"
      >
        <div
          class="primitive cellDay cellDayTouchable"
        >
          <span
            class="primitive paragraph textWeekend"
          >
            20
          </span>
        </div>
      </button>
    </div>
    <div
      class="primitive row"
    >
      <button
        class="primitive active cellTouchable"
      >
        <div
          class="primitive cellDay cellDayTouchable"
        >
          <span
            class="primitive paragraph"
          >
            21
          </span>
        </div>
      </button>
      <button
        class="primitive active cellTouchable"
      >
        <div
          class="primitive cellDay cellDayTouchable"
        >
          <span
            class="primitive paragraph"
          >
            22
          </span>
        </div>
      </button>
      <button
        class="primitive active cellTouchable"
      >
        <div
          class="primitive cellDay cellDayTouchable"
        >
          <span
            class="primitive paragraph"
          >
            23
          </span>
        </div>
      </button>
      <button
        class="primitive active cellTouchable"
      >
        <div
          class="primitive cellDay cellDayTouchable"
        >
          <span
            class="primitive paragraph"
          >
            24
          </span>
        </div>
      </button>
      <button
        class="primitive active cellTouchable"
      >
        <div
          class="primitive cellDay cellDayTouchable"
        >
          <span
            class="primitive paragraph"
          >
            25
          </span>
        </div>
      </button>
      <button
        class="primitive active cellTouchable"
      >
        <div
          class="primitive cellDay cellDayTouchable"
        >
          <span
            class="primitive paragraph textWeekend"
          >
            26
          </span>
        </div>
      </button>
      <button
        class="primitive active cellTouchable"
      >
        <div
          class="primitive cellDay cellDayTouchable"
        >
          <span
            class="primitive paragraph textWeekend"
          >
            27
          </span>
        </div>
      </button>
    </div>
    <div
      class="primitive row"
    >
      <button
        class="primitive active cellTouchable"
      >
        <div
          class="primitive cellDay cellDayTouchable"
        >
          <span
            class="primitive paragraph"
          >
            28
          </span>
        </div>
      </button>
      <button
        class="primitive active cellTouchable"
      >
        <div
          class="primitive cellDay cellDayTouchable"
        >
          <span
            class="primitive paragraph"
          >
            29
          </span>
        </div>
      </button>
      <button
        class="primitive active cellTouchable"
      >
        <div
          class="primitive cellDay cellDayTouchable"
        >
          <span
            class="primitive paragraph"
          >
            30
          </span>
        </div>
      </button>
      <button
        class="primitive cellTouchable"
      />
      <button
        class="primitive cellTouchable"
      />
      <button
        class="primitive cellTouchable"
      />
      <button
        class="primitive cellTouchable"
      />
    </div>
    <div
      class="primitive row"
    >
      <button
        class="primitive cellTouchable"
      />
      <button
        class="primitive cellTouchable"
      />
      <button
        class="primitive cellTouchable"
      />
      <button
        class="primitive cellTouchable"
      />
      <button
        class="primitive cellTouchable"
      />
      <button
        class="primitive cellTouchable"
      />
      <button
        class="primitive cellTouchable"
      />
    </div>
  </div>
</DocumentFragment>
`;

exports[`molecule:<Calendar> prop:disabledPast 1`] = `
<DocumentFragment>
  <div
    class="primitive calendar"
  >
    <div
      class="primitive row"
    >
      <button
        class="primitive"
      >
        &lt;
      </button>
      <span
        class="primitive bold paragraph upperCase title"
      >
        April 1980
      </span>
      <button
        class="primitive active"
      >
        &gt;
      </button>
    </div>
    <div
      class="primitive row weekdays"
    >
      <span
        class="primitive small upperCase cell weekday"
      >
        Mon
      </span>
      <span
        class="primitive small upperCase cell weekday"
      >
        Tue
      </span>
      <span
        class="primitive small upperCase cell weekday"
      >
        Wed
      </span>
      <span
        class="primitive small upperCase cell weekday"
      >
        Thu
      </span>
      <span
        class="primitive small upperCase cell weekday"
      >
        Fri
      </span>
      <span
        class="primitive small upperCase cell weekday"
      >
        Sat
      </span>
      <span
        class="primitive small upperCase cell weekday"
      >
        Sun
      </span>
    </div>
    <div
      class="primitive row"
    >
      <button
        class="primitive cellTouchable"
      />
      <button
        class="primitive cellTouchable"
      >
        <div
          class="primitive cellDay"
        >
          <span
            class="primitive paragraph textDisabled"
          >
            1
          </span>
        </div>
      </button>
      <button
        class="primitive cellTouchable"
      >
        <div
          class="primitive cellDay"
        >
          <span
            class="primitive paragraph textDisabled"
          >
            2
          </span>
        </div>
      </button>
      <button
        class="primitive cellTouchable"
      >
        <div
          class="primitive cellDay"
        >
          <span
            class="primitive paragraph textDisabled"
          >
            3
          </span>
        </div>
      </button>
      <button
        class="primitive cellTouchable"
      >
        <div
          class="primitive cellDay"
        >
          <span
            class="primitive paragraph textDisabled"
          >
            4
          </span>
        </div>
      </button>
      <button
        class="primitive cellTouchable"
      >
        <div
          class="primitive cellDay"
        >
          <span
            class="primitive paragraph textDisabled"
          >
            5
          </span>
        </div>
      </button>
      <button
        class="primitive cellTouchable"
      >
        <div
          class="primitive cellDay"
        >
          <span
            class="primitive paragraph textDisabled"
          >
            6
          </span>
        </div>
      </button>
    </div>
    <div
      class="primitive row"
    >
      <button
        class="primitive cellTouchable"
      >
        <div
          class="primitive cellDay"
        >
          <span
            class="primitive paragraph textDisabled"
          >
            7
          </span>
        </div>
      </button>
      <button
        class="primitive cellTouchable"
      >
        <div
          class="primitive cellDay"
        >
          <span
            class="primitive paragraph textDisabled"
          >
            8
          </span>
        </div>
      </button>
      <button
        class="primitive cellTouchable"
      >
        <div
          class="primitive cellDay"
        >
          <span
            class="primitive paragraph textDisabled"
          >
            9
          </span>
        </div>
      </button>
      <button
        class="primitive cellTouchable"
      >
        <div
          class="primitive cellDay cellDaySelected"
        >
          <span
            class="primitive paragraph textDisabled"
          >
            10
          </span>
        </div>
      </button>
      <button
        class="primitive cellTouchable"
      >
        <div
          class="primitive cellDay"
        >
          <span
            class="primitive paragraph textDisabled"
          >
            11
          </span>
        </div>
      </button>
      <button
        class="primitive cellTouchable"
      >
        <div
          class="primitive cellDay"
        >
          <span
            class="primitive paragraph textDisabled"
          >
            12
          </span>
        </div>
      </button>
      <button
        class="primitive cellTouchable"
      >
        <div
          class="primitive cellDay"
        >
          <span
            class="primitive paragraph textDisabled"
          >
            13
          </span>
        </div>
      </button>
    </div>
    <div
      class="primitive row"
    >
      <button
        class="primitive cellTouchable"
      >
        <div
          class="primitive cellDay"
        >
          <span
            class="primitive paragraph textDisabled"
          >
            14
          </span>
        </div>
      </button>
      <button
        class="primitive cellTouchable"
      >
        <div
          class="primitive cellDay"
        >
          <span
            class="primitive paragraph textDisabled"
          >
            15
          </span>
        </div>
      </button>
      <button
        class="primitive cellTouchable"
      >
        <div
          class="primitive cellDay"
        >
          <span
            class="primitive paragraph textDisabled"
          >
            16
          </span>
        </div>
      </button>
      <button
        class="primitive cellTouchable"
      >
        <div
          class="primitive cellDay"
        >
          <span
            class="primitive paragraph textDisabled"
          >
            17
          </span>
        </div>
      </button>
      <button
        class="primitive cellTouchable"
      >
        <div
          class="primitive cellDay"
        >
          <span
            class="primitive paragraph textDisabled"
          >
            18
          </span>
        </div>
      </button>
      <button
        class="primitive cellTouchable"
      >
        <div
          class="primitive cellDay"
        >
          <span
            class="primitive paragraph textDisabled"
          >
            19
          </span>
        </div>
      </button>
      <button
        class="primitive cellTouchable"
      >
        <div
          class="primitive cellDay"
        >
          <span
            class="primitive paragraph textDisabled"
          >
            20
          </span>
        </div>
      </button>
    </div>
    <div
      class="primitive row"
    >
      <button
        class="primitive cellTouchable"
      >
        <div
          class="primitive cellDay"
        >
          <span
            class="primitive paragraph textDisabled"
          >
            21
          </span>
        </div>
      </button>
      <button
        class="primitive cellTouchable"
      >
        <div
          class="primitive cellDay"
        >
          <span
            class="primitive paragraph textDisabled"
          >
            22
          </span>
        </div>
      </button>
      <button
        class="primitive cellTouchable"
      >
        <div
          class="primitive cellDay"
        >
          <span
            class="primitive paragraph textDisabled"
          >
            23
          </span>
        </div>
      </button>
      <button
        class="primitive cellTouchable"
      >
        <div
          class="primitive cellDay"
        >
          <span
            class="primitive paragraph textDisabled"
          >
            24
          </span>
        </div>
      </button>
      <button
        class="primitive cellTouchable"
      >
        <div
          class="primitive cellDay"
        >
          <span
            class="primitive paragraph textDisabled"
          >
            25
          </span>
        </div>
      </button>
      <button
        class="primitive cellTouchable"
      >
        <div
          class="primitive cellDay"
        >
          <span
            class="primitive paragraph textDisabled"
          >
            26
          </span>
        </div>
      </button>
      <button
        class="primitive cellTouchable"
      >
        <div
          class="primitive cellDay"
        >
          <span
            class="primitive paragraph textDisabled"
          >
            27
          </span>
        </div>
      </button>
    </div>
    <div
      class="primitive row"
    >
      <button
        class="primitive cellTouchable"
      >
        <div
          class="primitive cellDay"
        >
          <span
            class="primitive paragraph textDisabled"
          >
            28
          </span>
        </div>
      </button>
      <button
        class="primitive cellTouchable"
      >
        <div
          class="primitive cellDay"
        >
          <span
            class="primitive paragraph textDisabled"
          >
            29
          </span>
        </div>
      </button>
      <button
        class="primitive cellTouchable"
      >
        <div
          class="primitive cellDay"
        >
          <span
            class="primitive paragraph textDisabled"
          >
            30
          </span>
        </div>
      </button>
      <button
        class="primitive cellTouchable"
      />
      <button
        class="primitive cellTouchable"
      />
      <button
        class="primitive cellTouchable"
      />
      <button
        class="primitive cellTouchable"
      />
    </div>
    <div
      class="primitive row"
    >
      <button
        class="primitive cellTouchable"
      />
      <button
        class="primitive cellTouchable"
      />
      <button
        class="primitive cellTouchable"
      />
      <button
        class="primitive cellTouchable"
      />
      <button
        class="primitive cellTouchable"
      />
      <button
        class="primitive cellTouchable"
      />
      <button
        class="primitive cellTouchable"
      />
    </div>
  </div>
</DocumentFragment>
`;

exports[`molecule:<Calendar> prop:disabledToday 1`] = `
<DocumentFragment>
  <div
    class="primitive calendar"
  >
    <div
      class="primitive row"
    >
      <button
        class="primitive active"
      >
        &lt;
      </button>
      <span
        class="primitive bold paragraph upperCase title"
      >
        April 1980
      </span>
      <button
        class="primitive active"
      >
        &gt;
      </button>
    </div>
    <div
      class="primitive row weekdays"
    >
      <span
        class="primitive small upperCase cell weekday"
      >
        Mon
      </span>
      <span
        class="primitive small upperCase cell weekday"
      >
        Tue
      </span>
      <span
        class="primitive small upperCase cell weekday"
      >
        Wed
      </span>
      <span
        class="primitive small upperCase cell weekday"
      >
        Thu
      </span>
      <span
        class="primitive small upperCase cell weekday"
      >
        Fri
      </span>
      <span
        class="primitive small upperCase cell weekday"
      >
        Sat
      </span>
      <span
        class="primitive small upperCase cell weekday"
      >
        Sun
      </span>
    </div>
    <div
      class="primitive row"
    >
      <button
        class="primitive cellTouchable"
      />
      <button
        class="primitive active cellTouchable"
      >
        <div
          class="primitive cellDay cellDayTouchable"
        >
          <span
            class="primitive paragraph"
          >
            1
          </span>
        </div>
      </button>
      <button
        class="primitive active cellTouchable"
      >
        <div
          class="primitive cellDay cellDayTouchable"
        >
          <span
            class="primitive paragraph"
          >
            2
          </span>
        </div>
      </button>
      <button
        class="primitive active cellTouchable"
      >
        <div
          class="primitive cellDay cellDayTouchable"
        >
          <span
            class="primitive paragraph"
          >
            3
          </span>
        </div>
      </button>
      <button
        class="primitive active cellTouchable"
      >
        <div
          class="primitive cellDay cellDayTouchable"
        >
          <span
            class="primitive paragraph"
          >
            4
          </span>
        </div>
      </button>
      <button
        class="primitive active cellTouchable"
      >
        <div
          class="primitive cellDay cellDayTouchable"
        >
          <span
            class="primitive paragraph textWeekend"
          >
            5
          </span>
        </div>
      </button>
      <button
        class="primitive active cellTouchable"
      >
        <div
          class="primitive cellDay cellDayTouchable"
        >
          <span
            class="primitive paragraph textWeekend"
          >
            6
          </span>
        </div>
      </button>
    </div>
    <div
      class="primitive row"
    >
      <button
        class="primitive active cellTouchable"
      >
        <div
          class="primitive cellDay cellDayTouchable"
        >
          <span
            class="primitive paragraph"
          >
            7
          </span>
        </div>
      </button>
      <button
        class="primitive active cellTouchable"
      >
        <div
          class="primitive cellDay cellDayTouchable"
        >
          <span
            class="primitive paragraph"
          >
            8
          </span>
        </div>
      </button>
      <button
        class="primitive active cellTouchable"
      >
        <div
          class="primitive cellDay cellDayTouchable"
        >
          <span
            class="primitive paragraph"
          >
            9
          </span>
        </div>
      </button>
      <button
        class="primitive active cellTouchable"
      >
        <div
          class="primitive cellDay cellDaySelected cellDayTouchable"
        >
          <span
            class="primitive paragraph textSelected"
          >
            10
          </span>
        </div>
      </button>
      <button
        class="primitive active cellTouchable"
      >
        <div
          class="primitive cellDay cellDayTouchable"
        >
          <span
            class="primitive paragraph"
          >
            11
          </span>
        </div>
      </button>
      <button
        class="primitive active cellTouchable"
      >
        <div
          class="primitive cellDay cellDayTouchable"
        >
          <span
            class="primitive paragraph textWeekend"
          >
            12
          </span>
        </div>
      </button>
      <button
        class="primitive active cellTouchable"
      >
        <div
          class="primitive cellDay cellDayTouchable"
        >
          <span
            class="primitive paragraph textWeekend"
          >
            13
          </span>
        </div>
      </button>
    </div>
    <div
      class="primitive row"
    >
      <button
        class="primitive active cellTouchable"
      >
        <div
          class="primitive cellDay cellDayTouchable"
        >
          <span
            class="primitive paragraph"
          >
            14
          </span>
        </div>
      </button>
      <button
        class="primitive active cellTouchable"
      >
        <div
          class="primitive cellDay cellDayTouchable"
        >
          <span
            class="primitive paragraph"
          >
            15
          </span>
        </div>
      </button>
      <button
        class="primitive active cellTouchable"
      >
        <div
          class="primitive cellDay cellDayTouchable"
        >
          <span
            class="primitive paragraph"
          >
            16
          </span>
        </div>
      </button>
      <button
        class="primitive active cellTouchable"
      >
        <div
          class="primitive cellDay cellDayTouchable"
        >
          <span
            class="primitive paragraph"
          >
            17
          </span>
        </div>
      </button>
      <button
        class="primitive active cellTouchable"
      >
        <div
          class="primitive cellDay cellDayTouchable"
        >
          <span
            class="primitive paragraph"
          >
            18
          </span>
        </div>
      </button>
      <button
        class="primitive active cellTouchable"
      >
        <div
          class="primitive cellDay cellDayTouchable"
        >
          <span
            class="primitive paragraph textWeekend"
          >
            19
          </span>
        </div>
      </button>
      <button
        class="primitive active cellTouchable"
      >
        <div
          class="primitive cellDay cellDayTouchable"
        >
          <span
            class="primitive paragraph textWeekend"
          >
            20
          </span>
        </div>
      </button>
    </div>
    <div
      class="primitive row"
    >
      <button
        class="primitive active cellTouchable"
      >
        <div
          class="primitive cellDay cellDayTouchable"
        >
          <span
            class="primitive paragraph"
          >
            21
          </span>
        </div>
      </button>
      <button
        class="primitive active cellTouchable"
      >
        <div
          class="primitive cellDay cellDayTouchable"
        >
          <span
            class="primitive paragraph"
          >
            22
          </span>
        </div>
      </button>
      <button
        class="primitive active cellTouchable"
      >
        <div
          class="primitive cellDay cellDayTouchable"
        >
          <span
            class="primitive paragraph"
          >
            23
          </span>
        </div>
      </button>
      <button
        class="primitive active cellTouchable"
      >
        <div
          class="primitive cellDay cellDayTouchable"
        >
          <span
            class="primitive paragraph"
          >
            24
          </span>
        </div>
      </button>
      <button
        class="primitive active cellTouchable"
      >
        <div
          class="primitive cellDay cellDayTouchable"
        >
          <span
            class="primitive paragraph"
          >
            25
          </span>
        </div>
      </button>
      <button
        class="primitive active cellTouchable"
      >
        <div
          class="primitive cellDay cellDayTouchable"
        >
          <span
            class="primitive paragraph textWeekend"
          >
            26
          </span>
        </div>
      </button>
      <button
        class="primitive active cellTouchable"
      >
        <div
          class="primitive cellDay cellDayTouchable"
        >
          <span
            class="primitive paragraph textWeekend"
          >
            27
          </span>
        </div>
      </button>
    </div>
    <div
      class="primitive row"
    >
      <button
        class="primitive active cellTouchable"
      >
        <div
          class="primitive cellDay cellDayTouchable"
        >
          <span
            class="primitive paragraph"
          >
            28
          </span>
        </div>
      </button>
      <button
        class="primitive active cellTouchable"
      >
        <div
          class="primitive cellDay cellDayTouchable"
        >
          <span
            class="primitive paragraph"
          >
            29
          </span>
        </div>
      </button>
      <button
        class="primitive active cellTouchable"
      >
        <div
          class="primitive cellDay cellDayTouchable"
        >
          <span
            class="primitive paragraph"
          >
            30
          </span>
        </div>
      </button>
      <button
        class="primitive cellTouchable"
      />
      <button
        class="primitive cellTouchable"
      />
      <button
        class="primitive cellTouchable"
      />
      <button
        class="primitive cellTouchable"
      />
    </div>
    <div
      class="primitive row"
    >
      <button
        class="primitive cellTouchable"
      />
      <button
        class="primitive cellTouchable"
      />
      <button
        class="primitive cellTouchable"
      />
      <button
        class="primitive cellTouchable"
      />
      <button
        class="primitive cellTouchable"
      />
      <button
        class="primitive cellTouchable"
      />
      <button
        class="primitive cellTouchable"
      />
    </div>
  </div>
</DocumentFragment>
`;

exports[`molecule:<Calendar> prop:from 1`] = `
<DocumentFragment>
  <div
    class="primitive calendar"
  >
    <div
      class="primitive row"
    >
      <button
        class="primitive"
      >
        &lt;
      </button>
      <span
        class="primitive bold paragraph upperCase title"
      >
        April 1980
      </span>
      <button
        class="primitive active"
      >
        &gt;
      </button>
    </div>
    <div
      class="primitive row weekdays"
    >
      <span
        class="primitive small upperCase cell weekday"
      >
        Mon
      </span>
      <span
        class="primitive small upperCase cell weekday"
      >
        Tue
      </span>
      <span
        class="primitive small upperCase cell weekday"
      >
        Wed
      </span>
      <span
        class="primitive small upperCase cell weekday"
      >
        Thu
      </span>
      <span
        class="primitive small upperCase cell weekday"
      >
        Fri
      </span>
      <span
        class="primitive small upperCase cell weekday"
      >
        Sat
      </span>
      <span
        class="primitive small upperCase cell weekday"
      >
        Sun
      </span>
    </div>
    <div
      class="primitive row"
    >
      <button
        class="primitive cellTouchable"
      />
      <button
        class="primitive cellTouchable"
      >
        <div
          class="primitive cellDay"
        >
          <span
            class="primitive paragraph textDisabled"
          >
            1
          </span>
        </div>
      </button>
      <button
        class="primitive cellTouchable"
      >
        <div
          class="primitive cellDay"
        >
          <span
            class="primitive paragraph textDisabled"
          >
            2
          </span>
        </div>
      </button>
      <button
        class="primitive cellTouchable"
      >
        <div
          class="primitive cellDay"
        >
          <span
            class="primitive paragraph textDisabled"
          >
            3
          </span>
        </div>
      </button>
      <button
        class="primitive cellTouchable"
      >
        <div
          class="primitive cellDay"
        >
          <span
            class="primitive paragraph textDisabled"
          >
            4
          </span>
        </div>
      </button>
      <button
        class="primitive cellTouchable"
      >
        <div
          class="primitive cellDay"
        >
          <span
            class="primitive paragraph textDisabled"
          >
            5
          </span>
        </div>
      </button>
      <button
        class="primitive cellTouchable"
      >
        <div
          class="primitive cellDay"
        >
          <span
            class="primitive paragraph textDisabled"
          >
            6
          </span>
        </div>
      </button>
    </div>
    <div
      class="primitive row"
    >
      <button
        class="primitive cellTouchable"
      >
        <div
          class="primitive cellDay"
        >
          <span
            class="primitive paragraph textDisabled"
          >
            7
          </span>
        </div>
      </button>
      <button
        class="primitive cellTouchable"
      >
        <div
          class="primitive cellDay"
        >
          <span
            class="primitive paragraph textDisabled"
          >
            8
          </span>
        </div>
      </button>
      <button
        class="primitive active cellTouchable"
      >
        <div
          class="primitive cellDay cellDayTouchable"
        >
          <span
            class="primitive paragraph"
          >
            9
          </span>
        </div>
      </button>
      <button
        class="primitive active cellTouchable"
      >
        <div
          class="primitive cellDay cellDaySelected cellDayTouchable"
        >
          <span
            class="primitive paragraph textSelected"
          >
            10
          </span>
        </div>
      </button>
      <button
        class="primitive active cellTouchable"
      >
        <div
          class="primitive cellDay cellDayTouchable"
        >
          <span
            class="primitive paragraph"
          >
            11
          </span>
        </div>
      </button>
      <button
        class="primitive active cellTouchable"
      >
        <div
          class="primitive cellDay cellDayTouchable"
        >
          <span
            class="primitive paragraph textWeekend"
          >
            12
          </span>
        </div>
      </button>
      <button
        class="primitive active cellTouchable"
      >
        <div
          class="primitive cellDay cellDayTouchable"
        >
          <span
            class="primitive paragraph textWeekend"
          >
            13
          </span>
        </div>
      </button>
    </div>
    <div
      class="primitive row"
    >
      <button
        class="primitive active cellTouchable"
      >
        <div
          class="primitive cellDay cellDayTouchable"
        >
          <span
            class="primitive paragraph"
          >
            14
          </span>
        </div>
      </button>
      <button
        class="primitive active cellTouchable"
      >
        <div
          class="primitive cellDay cellDayTouchable"
        >
          <span
            class="primitive paragraph"
          >
            15
          </span>
        </div>
      </button>
      <button
        class="primitive active cellTouchable"
      >
        <div
          class="primitive cellDay cellDayTouchable"
        >
          <span
            class="primitive paragraph"
          >
            16
          </span>
        </div>
      </button>
      <button
        class="primitive active cellTouchable"
      >
        <div
          class="primitive cellDay cellDayTouchable"
        >
          <span
            class="primitive paragraph"
          >
            17
          </span>
        </div>
      </button>
      <button
        class="primitive active cellTouchable"
      >
        <div
          class="primitive cellDay cellDayTouchable"
        >
          <span
            class="primitive paragraph"
          >
            18
          </span>
        </div>
      </button>
      <button
        class="primitive active cellTouchable"
      >
        <div
          class="primitive cellDay cellDayTouchable"
        >
          <span
            class="primitive paragraph textWeekend"
          >
            19
          </span>
        </div>
      </button>
      <button
        class="primitive active cellTouchable"
      >
        <div
          class="primitive cellDay cellDayTouchable"
        >
          <span
            class="primitive paragraph textWeekend"
          >
            20
          </span>
        </div>
      </button>
    </div>
    <div
      class="primitive row"
    >
      <button
        class="primitive active cellTouchable"
      >
        <div
          class="primitive cellDay cellDayTouchable"
        >
          <span
            class="primitive paragraph"
          >
            21
          </span>
        </div>
      </button>
      <button
        class="primitive active cellTouchable"
      >
        <div
          class="primitive cellDay cellDayTouchable"
        >
          <span
            class="primitive paragraph"
          >
            22
          </span>
        </div>
      </button>
      <button
        class="primitive active cellTouchable"
      >
        <div
          class="primitive cellDay cellDayTouchable"
        >
          <span
            class="primitive paragraph"
          >
            23
          </span>
        </div>
      </button>
      <button
        class="primitive active cellTouchable"
      >
        <div
          class="primitive cellDay cellDayTouchable"
        >
          <span
            class="primitive paragraph"
          >
            24
          </span>
        </div>
      </button>
      <button
        class="primitive active cellTouchable"
      >
        <div
          class="primitive cellDay cellDayTouchable"
        >
          <span
            class="primitive paragraph"
          >
            25
          </span>
        </div>
      </button>
      <button
        class="primitive active cellTouchable"
      >
        <div
          class="primitive cellDay cellDayTouchable"
        >
          <span
            class="primitive paragraph textWeekend"
          >
            26
          </span>
        </div>
      </button>
      <button
        class="primitive active cellTouchable"
      >
        <div
          class="primitive cellDay cellDayTouchable"
        >
          <span
            class="primitive paragraph textWeekend"
          >
            27
          </span>
        </div>
      </button>
    </div>
    <div
      class="primitive row"
    >
      <button
        class="primitive active cellTouchable"
      >
        <div
          class="primitive cellDay cellDayTouchable"
        >
          <span
            class="primitive paragraph"
          >
            28
          </span>
        </div>
      </button>
      <button
        class="primitive active cellTouchable"
      >
        <div
          class="primitive cellDay cellDayTouchable"
        >
          <span
            class="primitive paragraph"
          >
            29
          </span>
        </div>
      </button>
      <button
        class="primitive active cellTouchable"
      >
        <div
          class="primitive cellDay cellDayTouchable"
        >
          <span
            class="primitive paragraph"
          >
            30
          </span>
        </div>
      </button>
      <button
        class="primitive cellTouchable"
      />
      <button
        class="primitive cellTouchable"
      />
      <button
        class="primitive cellTouchable"
      />
      <button
        class="primitive cellTouchable"
      />
    </div>
    <div
      class="primitive row"
    >
      <button
        class="primitive cellTouchable"
      />
      <button
        class="primitive cellTouchable"
      />
      <button
        class="primitive cellTouchable"
      />
      <button
        class="primitive cellTouchable"
      />
      <button
        class="primitive cellTouchable"
      />
      <button
        class="primitive cellTouchable"
      />
      <button
        class="primitive cellTouchable"
      />
    </div>
  </div>
</DocumentFragment>
`;

exports[`molecule:<Calendar> prop:locale 1`] = `
<DocumentFragment>
  <div
    class="primitive calendar"
  >
    <div
      class="primitive row"
    >
      <button
        class="primitive active"
      >
        &lt;
      </button>
      <span
        class="primitive bold paragraph upperCase title"
      >
        April 1980
      </span>
      <button
        class="primitive active"
      >
        &gt;
      </button>
    </div>
    <div
      class="primitive row weekdays"
    >
      <span
        class="primitive small upperCase cell weekday"
      >
        Mon
      </span>
      <span
        class="primitive small upperCase cell weekday"
      >
        Tue
      </span>
      <span
        class="primitive small upperCase cell weekday"
      >
        Wed
      </span>
      <span
        class="primitive small upperCase cell weekday"
      >
        Thu
      </span>
      <span
        class="primitive small upperCase cell weekday"
      >
        Fri
      </span>
      <span
        class="primitive small upperCase cell weekday"
      >
        Sat
      </span>
      <span
        class="primitive small upperCase cell weekday"
      >
        Sun
      </span>
    </div>
    <div
      class="primitive row"
    >
      <button
        class="primitive cellTouchable"
      />
      <button
        class="primitive active cellTouchable"
      >
        <div
          class="primitive cellDay cellDayTouchable"
        >
          <span
            class="primitive paragraph"
          >
            1
          </span>
        </div>
      </button>
      <button
        class="primitive active cellTouchable"
      >
        <div
          class="primitive cellDay cellDayTouchable"
        >
          <span
            class="primitive paragraph"
          >
            2
          </span>
        </div>
      </button>
      <button
        class="primitive active cellTouchable"
      >
        <div
          class="primitive cellDay cellDayTouchable"
        >
          <span
            class="primitive paragraph"
          >
            3
          </span>
        </div>
      </button>
      <button
        class="primitive active cellTouchable"
      >
        <div
          class="primitive cellDay cellDayTouchable"
        >
          <span
            class="primitive paragraph"
          >
            4
          </span>
        </div>
      </button>
      <button
        class="primitive active cellTouchable"
      >
        <div
          class="primitive cellDay cellDayTouchable"
        >
          <span
            class="primitive paragraph textWeekend"
          >
            5
          </span>
        </div>
      </button>
      <button
        class="primitive active cellTouchable"
      >
        <div
          class="primitive cellDay cellDayTouchable"
        >
          <span
            class="primitive paragraph textWeekend"
          >
            6
          </span>
        </div>
      </button>
    </div>
    <div
      class="primitive row"
    >
      <button
        class="primitive active cellTouchable"
      >
        <div
          class="primitive cellDay cellDayTouchable"
        >
          <span
            class="primitive paragraph"
          >
            7
          </span>
        </div>
      </button>
      <button
        class="primitive active cellTouchable"
      >
        <div
          class="primitive cellDay cellDayTouchable"
        >
          <span
            class="primitive paragraph"
          >
            8
          </span>
        </div>
      </button>
      <button
        class="primitive active cellTouchable"
      >
        <div
          class="primitive cellDay cellDayTouchable"
        >
          <span
            class="primitive paragraph"
          >
            9
          </span>
        </div>
      </button>
      <button
        class="primitive active cellTouchable"
      >
        <div
          class="primitive cellDay cellDaySelected cellDayTouchable"
        >
          <span
            class="primitive paragraph textSelected"
          >
            10
          </span>
        </div>
      </button>
      <button
        class="primitive active cellTouchable"
      >
        <div
          class="primitive cellDay cellDayTouchable"
        >
          <span
            class="primitive paragraph"
          >
            11
          </span>
        </div>
      </button>
      <button
        class="primitive active cellTouchable"
      >
        <div
          class="primitive cellDay cellDayTouchable"
        >
          <span
            class="primitive paragraph textWeekend"
          >
            12
          </span>
        </div>
      </button>
      <button
        class="primitive active cellTouchable"
      >
        <div
          class="primitive cellDay cellDayTouchable"
        >
          <span
            class="primitive paragraph textWeekend"
          >
            13
          </span>
        </div>
      </button>
    </div>
    <div
      class="primitive row"
    >
      <button
        class="primitive active cellTouchable"
      >
        <div
          class="primitive cellDay cellDayTouchable"
        >
          <span
            class="primitive paragraph"
          >
            14
          </span>
        </div>
      </button>
      <button
        class="primitive active cellTouchable"
      >
        <div
          class="primitive cellDay cellDayTouchable"
        >
          <span
            class="primitive paragraph"
          >
            15
          </span>
        </div>
      </button>
      <button
        class="primitive active cellTouchable"
      >
        <div
          class="primitive cellDay cellDayTouchable"
        >
          <span
            class="primitive paragraph"
          >
            16
          </span>
        </div>
      </button>
      <button
        class="primitive active cellTouchable"
      >
        <div
          class="primitive cellDay cellDayTouchable"
        >
          <span
            class="primitive paragraph"
          >
            17
          </span>
        </div>
      </button>
      <button
        class="primitive active cellTouchable"
      >
        <div
          class="primitive cellDay cellDayTouchable"
        >
          <span
            class="primitive paragraph"
          >
            18
          </span>
        </div>
      </button>
      <button
        class="primitive active cellTouchable"
      >
        <div
          class="primitive cellDay cellDayTouchable"
        >
          <span
            class="primitive paragraph textWeekend"
          >
            19
          </span>
        </div>
      </button>
      <button
        class="primitive active cellTouchable"
      >
        <div
          class="primitive cellDay cellDayTouchable"
        >
          <span
            class="primitive paragraph textWeekend"
          >
            20
          </span>
        </div>
      </button>
    </div>
    <div
      class="primitive row"
    >
      <button
        class="primitive active cellTouchable"
      >
        <div
          class="primitive cellDay cellDayTouchable"
        >
          <span
            class="primitive paragraph"
          >
            21
          </span>
        </div>
      </button>
      <button
        class="primitive active cellTouchable"
      >
        <div
          class="primitive cellDay cellDayTouchable"
        >
          <span
            class="primitive paragraph"
          >
            22
          </span>
        </div>
      </button>
      <button
        class="primitive active cellTouchable"
      >
        <div
          class="primitive cellDay cellDayTouchable"
        >
          <span
            class="primitive paragraph"
          >
            23
          </span>
        </div>
      </button>
      <button
        class="primitive active cellTouchable"
      >
        <div
          class="primitive cellDay cellDayTouchable"
        >
          <span
            class="primitive paragraph"
          >
            24
          </span>
        </div>
      </button>
      <button
        class="primitive active cellTouchable"
      >
        <div
          class="primitive cellDay cellDayTouchable"
        >
          <span
            class="primitive paragraph"
          >
            25
          </span>
        </div>
      </button>
      <button
        class="primitive active cellTouchable"
      >
        <div
          class="primitive cellDay cellDayTouchable"
        >
          <span
            class="primitive paragraph textWeekend"
          >
            26
          </span>
        </div>
      </button>
      <button
        class="primitive active cellTouchable"
      >
        <div
          class="primitive cellDay cellDayTouchable"
        >
          <span
            class="primitive paragraph textWeekend"
          >
            27
          </span>
        </div>
      </button>
    </div>
    <div
      class="primitive row"
    >
      <button
        class="primitive active cellTouchable"
      >
        <div
          class="primitive cellDay cellDayTouchable"
        >
          <span
            class="primitive paragraph"
          >
            28
          </span>
        </div>
      </button>
      <button
        class="primitive active cellTouchable"
      >
        <div
          class="primitive cellDay cellDayTouchable"
        >
          <span
            class="primitive paragraph"
          >
            29
          </span>
        </div>
      </button>
      <button
        class="primitive active cellTouchable"
      >
        <div
          class="primitive cellDay cellDayTouchable"
        >
          <span
            class="primitive paragraph"
          >
            30
          </span>
        </div>
      </button>
      <button
        class="primitive cellTouchable"
      />
      <button
        class="primitive cellTouchable"
      />
      <button
        class="primitive cellTouchable"
      />
      <button
        class="primitive cellTouchable"
      />
    </div>
    <div
      class="primitive row"
    >
      <button
        class="primitive cellTouchable"
      />
      <button
        class="primitive cellTouchable"
      />
      <button
        class="primitive cellTouchable"
      />
      <button
        class="primitive cellTouchable"
      />
      <button
        class="primitive cellTouchable"
      />
      <button
        class="primitive cellTouchable"
      />
      <button
        class="primitive cellTouchable"
      />
    </div>
  </div>
</DocumentFragment>
`;

exports[`molecule:<Calendar> prop:to 1`] = `
<DocumentFragment>
  <div
    class="primitive calendar"
  >
    <div
      class="primitive row"
    >
      <button
        class="primitive active"
      >
        &lt;
      </button>
      <span
        class="primitive bold paragraph upperCase title"
      >
        April 1980
      </span>
      <button
        class="primitive"
      >
        &gt;
      </button>
    </div>
    <div
      class="primitive row weekdays"
    >
      <span
        class="primitive small upperCase cell weekday"
      >
        Mon
      </span>
      <span
        class="primitive small upperCase cell weekday"
      >
        Tue
      </span>
      <span
        class="primitive small upperCase cell weekday"
      >
        Wed
      </span>
      <span
        class="primitive small upperCase cell weekday"
      >
        Thu
      </span>
      <span
        class="primitive small upperCase cell weekday"
      >
        Fri
      </span>
      <span
        class="primitive small upperCase cell weekday"
      >
        Sat
      </span>
      <span
        class="primitive small upperCase cell weekday"
      >
        Sun
      </span>
    </div>
    <div
      class="primitive row"
    >
      <button
        class="primitive cellTouchable"
      />
      <button
        class="primitive active cellTouchable"
      >
        <div
          class="primitive cellDay cellDayTouchable"
        >
          <span
            class="primitive paragraph"
          >
            1
          </span>
        </div>
      </button>
      <button
        class="primitive active cellTouchable"
      >
        <div
          class="primitive cellDay cellDayTouchable"
        >
          <span
            class="primitive paragraph"
          >
            2
          </span>
        </div>
      </button>
      <button
        class="primitive active cellTouchable"
      >
        <div
          class="primitive cellDay cellDayTouchable"
        >
          <span
            class="primitive paragraph"
          >
            3
          </span>
        </div>
      </button>
      <button
        class="primitive active cellTouchable"
      >
        <div
          class="primitive cellDay cellDayTouchable"
        >
          <span
            class="primitive paragraph"
          >
            4
          </span>
        </div>
      </button>
      <button
        class="primitive active cellTouchable"
      >
        <div
          class="primitive cellDay cellDayTouchable"
        >
          <span
            class="primitive paragraph textWeekend"
          >
            5
          </span>
        </div>
      </button>
      <button
        class="primitive active cellTouchable"
      >
        <div
          class="primitive cellDay cellDayTouchable"
        >
          <span
            class="primitive paragraph textWeekend"
          >
            6
          </span>
        </div>
      </button>
    </div>
    <div
      class="primitive row"
    >
      <button
        class="primitive active cellTouchable"
      >
        <div
          class="primitive cellDay cellDayTouchable"
        >
          <span
            class="primitive paragraph"
          >
            7
          </span>
        </div>
      </button>
      <button
        class="primitive active cellTouchable"
      >
        <div
          class="primitive cellDay cellDayTouchable"
        >
          <span
            class="primitive paragraph"
          >
            8
          </span>
        </div>
      </button>
      <button
        class="primitive active cellTouchable"
      >
        <div
          class="primitive cellDay cellDayTouchable"
        >
          <span
            class="primitive paragraph"
          >
            9
          </span>
        </div>
      </button>
      <button
        class="primitive active cellTouchable"
      >
        <div
          class="primitive cellDay cellDaySelected cellDayTouchable"
        >
          <span
            class="primitive paragraph textSelected"
          >
            10
          </span>
        </div>
      </button>
      <button
        class="primitive active cellTouchable"
      >
        <div
          class="primitive cellDay cellDayTouchable"
        >
          <span
            class="primitive paragraph"
          >
            11
          </span>
        </div>
      </button>
      <button
        class="primitive cellTouchable"
      >
        <div
          class="primitive cellDay"
        >
          <span
            class="primitive paragraph textDisabled"
          >
            12
          </span>
        </div>
      </button>
      <button
        class="primitive cellTouchable"
      >
        <div
          class="primitive cellDay"
        >
          <span
            class="primitive paragraph textDisabled"
          >
            13
          </span>
        </div>
      </button>
    </div>
    <div
      class="primitive row"
    >
      <button
        class="primitive cellTouchable"
      >
        <div
          class="primitive cellDay"
        >
          <span
            class="primitive paragraph textDisabled"
          >
            14
          </span>
        </div>
      </button>
      <button
        class="primitive cellTouchable"
      >
        <div
          class="primitive cellDay"
        >
          <span
            class="primitive paragraph textDisabled"
          >
            15
          </span>
        </div>
      </button>
      <button
        class="primitive cellTouchable"
      >
        <div
          class="primitive cellDay"
        >
          <span
            class="primitive paragraph textDisabled"
          >
            16
          </span>
        </div>
      </button>
      <button
        class="primitive cellTouchable"
      >
        <div
          class="primitive cellDay"
        >
          <span
            class="primitive paragraph textDisabled"
          >
            17
          </span>
        </div>
      </button>
      <button
        class="primitive cellTouchable"
      >
        <div
          class="primitive cellDay"
        >
          <span
            class="primitive paragraph textDisabled"
          >
            18
          </span>
        </div>
      </button>
      <button
        class="primitive cellTouchable"
      >
        <div
          class="primitive cellDay"
        >
          <span
            class="primitive paragraph textDisabled"
          >
            19
          </span>
        </div>
      </button>
      <button
        class="primitive cellTouchable"
      >
        <div
          class="primitive cellDay"
        >
          <span
            class="primitive paragraph textDisabled"
          >
            20
          </span>
        </div>
      </button>
    </div>
    <div
      class="primitive row"
    >
      <button
        class="primitive cellTouchable"
      >
        <div
          class="primitive cellDay"
        >
          <span
            class="primitive paragraph textDisabled"
          >
            21
          </span>
        </div>
      </button>
      <button
        class="primitive cellTouchable"
      >
        <div
          class="primitive cellDay"
        >
          <span
            class="primitive paragraph textDisabled"
          >
            22
          </span>
        </div>
      </button>
      <button
        class="primitive cellTouchable"
      >
        <div
          class="primitive cellDay"
        >
          <span
            class="primitive paragraph textDisabled"
          >
            23
          </span>
        </div>
      </button>
      <button
        class="primitive cellTouchable"
      >
        <div
          class="primitive cellDay"
        >
          <span
            class="primitive paragraph textDisabled"
          >
            24
          </span>
        </div>
      </button>
      <button
        class="primitive cellTouchable"
      >
        <div
          class="primitive cellDay"
        >
          <span
            class="primitive paragraph textDisabled"
          >
            25
          </span>
        </div>
      </button>
      <button
        class="primitive cellTouchable"
      >
        <div
          class="primitive cellDay"
        >
          <span
            class="primitive paragraph textDisabled"
          >
            26
          </span>
        </div>
      </button>
      <button
        class="primitive cellTouchable"
      >
        <div
          class="primitive cellDay"
        >
          <span
            class="primitive paragraph textDisabled"
          >
            27
          </span>
        </div>
      </button>
    </div>
    <div
      class="primitive row"
    >
      <button
        class="primitive cellTouchable"
      >
        <div
          class="primitive cellDay"
        >
          <span
            class="primitive paragraph textDisabled"
          >
            28
          </span>
        </div>
      </button>
      <button
        class="primitive cellTouchable"
      >
        <div
          class="primitive cellDay"
        >
          <span
            class="primitive paragraph textDisabled"
          >
            29
          </span>
        </div>
      </button>
      <button
        class="primitive cellTouchable"
      >
        <div
          class="primitive cellDay"
        >
          <span
            class="primitive paragraph textDisabled"
          >
            30
          </span>
        </div>
      </button>
      <button
        class="primitive cellTouchable"
      />
      <button
        class="primitive cellTouchable"
      />
      <button
        class="primitive cellTouchable"
      />
      <button
        class="primitive cellTouchable"
      />
    </div>
    <div
      class="primitive row"
    >
      <button
        class="primitive cellTouchable"
      />
      <button
        class="primitive cellTouchable"
      />
      <button
        class="primitive cellTouchable"
      />
      <button
        class="primitive cellTouchable"
      />
      <button
        class="primitive cellTouchable"
      />
      <button
        class="primitive cellTouchable"
      />
      <button
        class="primitive cellTouchable"
      />
    </div>
  </div>
</DocumentFragment>
`;

exports[`molecule:<Calendar> renders 1`] = `
<DocumentFragment>
  <div
    class="primitive calendar"
  >
    <div
      class="primitive row"
    >
      <button
        class="primitive active"
      >
        &lt;
      </button>
      <span
        class="primitive bold paragraph upperCase title"
      >
        April 1980
      </span>
      <button
        class="primitive active"
      >
        &gt;
      </button>
    </div>
    <div
      class="primitive row weekdays"
    >
      <span
        class="primitive small upperCase cell weekday"
      >
        Mon
      </span>
      <span
        class="primitive small upperCase cell weekday"
      >
        Tue
      </span>
      <span
        class="primitive small upperCase cell weekday"
      >
        Wed
      </span>
      <span
        class="primitive small upperCase cell weekday"
      >
        Thu
      </span>
      <span
        class="primitive small upperCase cell weekday"
      >
        Fri
      </span>
      <span
        class="primitive small upperCase cell weekday"
      >
        Sat
      </span>
      <span
        class="primitive small upperCase cell weekday"
      >
        Sun
      </span>
    </div>
    <div
      class="primitive row"
    >
      <button
        class="primitive cellTouchable"
      />
      <button
        class="primitive active cellTouchable"
      >
        <div
          class="primitive cellDay cellDayTouchable"
        >
          <span
            class="primitive paragraph"
          >
            1
          </span>
        </div>
      </button>
      <button
        class="primitive active cellTouchable"
      >
        <div
          class="primitive cellDay cellDayTouchable"
        >
          <span
            class="primitive paragraph"
          >
            2
          </span>
        </div>
      </button>
      <button
        class="primitive active cellTouchable"
      >
        <div
          class="primitive cellDay cellDayTouchable"
        >
          <span
            class="primitive paragraph"
          >
            3
          </span>
        </div>
      </button>
      <button
        class="primitive active cellTouchable"
      >
        <div
          class="primitive cellDay cellDayTouchable"
        >
          <span
            class="primitive paragraph"
          >
            4
          </span>
        </div>
      </button>
      <button
        class="primitive active cellTouchable"
      >
        <div
          class="primitive cellDay cellDayTouchable"
        >
          <span
            class="primitive paragraph textWeekend"
          >
            5
          </span>
        </div>
      </button>
      <button
        class="primitive active cellTouchable"
      >
        <div
          class="primitive cellDay cellDayTouchable"
        >
          <span
            class="primitive paragraph textWeekend"
          >
            6
          </span>
        </div>
      </button>
    </div>
    <div
      class="primitive row"
    >
      <button
        class="primitive active cellTouchable"
      >
        <div
          class="primitive cellDay cellDayTouchable"
        >
          <span
            class="primitive paragraph"
          >
            7
          </span>
        </div>
      </button>
      <button
        class="primitive active cellTouchable"
      >
        <div
          class="primitive cellDay cellDayTouchable"
        >
          <span
            class="primitive paragraph"
          >
            8
          </span>
        </div>
      </button>
      <button
        class="primitive active cellTouchable"
      >
        <div
          class="primitive cellDay cellDayTouchable"
        >
          <span
            class="primitive paragraph"
          >
            9
          </span>
        </div>
      </button>
      <button
        class="primitive active cellTouchable"
      >
        <div
          class="primitive cellDay cellDaySelected cellDayTouchable"
        >
          <span
            class="primitive paragraph textSelected"
          >
            10
          </span>
        </div>
      </button>
      <button
        class="primitive active cellTouchable"
      >
        <div
          class="primitive cellDay cellDayTouchable"
        >
          <span
            class="primitive paragraph"
          >
            11
          </span>
        </div>
      </button>
      <button
        class="primitive active cellTouchable"
      >
        <div
          class="primitive cellDay cellDayTouchable"
        >
          <span
            class="primitive paragraph textWeekend"
          >
            12
          </span>
        </div>
      </button>
      <button
        class="primitive active cellTouchable"
      >
        <div
          class="primitive cellDay cellDayTouchable"
        >
          <span
            class="primitive paragraph textWeekend"
          >
            13
          </span>
        </div>
      </button>
    </div>
    <div
      class="primitive row"
    >
      <button
        class="primitive active cellTouchable"
      >
        <div
          class="primitive cellDay cellDayTouchable"
        >
          <span
            class="primitive paragraph"
          >
            14
          </span>
        </div>
      </button>
      <button
        class="primitive active cellTouchable"
      >
        <div
          class="primitive cellDay cellDayTouchable"
        >
          <span
            class="primitive paragraph"
          >
            15
          </span>
        </div>
      </button>
      <button
        class="primitive active cellTouchable"
      >
        <div
          class="primitive cellDay cellDayTouchable"
        >
          <span
            class="primitive paragraph"
          >
            16
          </span>
        </div>
      </button>
      <button
        class="primitive active cellTouchable"
      >
        <div
          class="primitive cellDay cellDayTouchable"
        >
          <span
            class="primitive paragraph"
          >
            17
          </span>
        </div>
      </button>
      <button
        class="primitive active cellTouchable"
      >
        <div
          class="primitive cellDay cellDayTouchable"
        >
          <span
            class="primitive paragraph"
          >
            18
          </span>
        </div>
      </button>
      <button
        class="primitive active cellTouchable"
      >
        <div
          class="primitive cellDay cellDayTouchable"
        >
          <span
            class="primitive paragraph textWeekend"
          >
            19
          </span>
        </div>
      </button>
      <button
        class="primitive active cellTouchable"
      >
        <div
          class="primitive cellDay cellDayTouchable"
        >
          <span
            class="primitive paragraph textWeekend"
          >
            20
          </span>
        </div>
      </button>
    </div>
    <div
      class="primitive row"
    >
      <button
        class="primitive active cellTouchable"
      >
        <div
          class="primitive cellDay cellDayTouchable"
        >
          <span
            class="primitive paragraph"
          >
            21
          </span>
        </div>
      </button>
      <button
        class="primitive active cellTouchable"
      >
        <div
          class="primitive cellDay cellDayTouchable"
        >
          <span
            class="primitive paragraph"
          >
            22
          </span>
        </div>
      </button>
      <button
        class="primitive active cellTouchable"
      >
        <div
          class="primitive cellDay cellDayTouchable"
        >
          <span
            class="primitive paragraph"
          >
            23
          </span>
        </div>
      </button>
      <button
        class="primitive active cellTouchable"
      >
        <div
          class="primitive cellDay cellDayTouchable"
        >
          <span
            class="primitive paragraph"
          >
            24
          </span>
        </div>
      </button>
      <button
        class="primitive active cellTouchable"
      >
        <div
          class="primitive cellDay cellDayTouchable"
        >
          <span
            class="primitive paragraph"
          >
            25
          </span>
        </div>
      </button>
      <button
        class="primitive active cellTouchable"
      >
        <div
          class="primitive cellDay cellDayTouchable"
        >
          <span
            class="primitive paragraph textWeekend"
          >
            26
          </span>
        </div>
      </button>
      <button
        class="primitive active cellTouchable"
      >
        <div
          class="primitive cellDay cellDayTouchable"
        >
          <span
            class="primitive paragraph textWeekend"
          >
            27
          </span>
        </div>
      </button>
    </div>
    <div
      class="primitive row"
    >
      <button
        class="primitive active cellTouchable"
      >
        <div
          class="primitive cellDay cellDayTouchable"
        >
          <span
            class="primitive paragraph"
          >
            28
          </span>
        </div>
      </button>
      <button
        class="primitive active cellTouchable"
      >
        <div
          class="primitive cellDay cellDayTouchable"
        >
          <span
            class="primitive paragraph"
          >
            29
          </span>
        </div>
      </button>
      <button
        class="primitive active cellTouchable"
      >
        <div
          class="primitive cellDay cellDayTouchable"
        >
          <span
            class="primitive paragraph"
          >
            30
          </span>
        </div>
      </button>
      <button
        class="primitive cellTouchable"
      />
      <button
        class="primitive cellTouchable"
      />
      <button
        class="primitive cellTouchable"
      />
      <button
        class="primitive cellTouchable"
      />
    </div>
    <div
      class="primitive row"
    >
      <button
        class="primitive cellTouchable"
      />
      <button
        class="primitive cellTouchable"
      />
      <button
        class="primitive cellTouchable"
      />
      <button
        class="primitive cellTouchable"
      />
      <button
        class="primitive cellTouchable"
      />
      <button
        class="primitive cellTouchable"
      />
      <button
        class="primitive cellTouchable"
      />
    </div>
  </div>
</DocumentFragment>
`;
